Loading editor...
Injecting LoRA...
Injected LoRA into 384 linear layers.
Building dataset pairs...
train pairs: 40
val pairs: 12
train samples: 80
val samples: 24
Precomputing/loading latent cache...
Unique wav files to cache: 104
Latent cache dir: lora_slider_training_cluster_noprompt/latent_cache_steps50_len10_inv_empty
Latent cache ready.
Cached items in memory: 104
latent cache size: 104
cache dir: lora_slider_training_cluster_noprompt/latent_cache_steps50_len10_inv_empty
Starting training...
[INFO] Enabled UNet gradient checkpointing.
[INFO] Trainable parameter tensors: 768
[DIAG] First backward pass:
  LoRA tensors with grad: 768
  Mean grad norm:         5.361921e-06
  Max grad norm:          2.257114e-04
[DIAG] First optimizer step:
  Mean abs param delta:   2.684121e-05
  Max abs param delta:    9.915444e-05
Epoch 1/50 done in 5441.0s
  train loss:     1.376939
    concept:      0.002150
    identity:     0.039560
    pair:         1.374789
  val   loss:     0.987712
    concept:      0.056005
    identity:     0.141083
    pair:         0.931707
  saved: lora_slider_training_cluster_noprompt/lora_epoch_001.pt
  new best: lora_slider_training_cluster_noprompt/lora_best.pt
Epoch 2/50 done in 5375.9s
  train loss:     1.008524
    concept:      0.023067
    identity:     0.364577
    pair:         0.985457
  val   loss:     1.339466
    concept:      0.164140
    identity:     0.377785
    pair:         1.175325
  saved: lora_slider_training_cluster_noprompt/lora_epoch_002.pt
Epoch 3/50 done in 5364.0s
  train loss:     0.859307
    concept:      0.033593
    identity:     0.677567
    pair:         0.825714
  val   loss:     1.321783
    concept:      0.163449
    identity:     0.448713
    pair:         1.158334
  saved: lora_slider_training_cluster_noprompt/lora_epoch_003.pt
Epoch 4/50 done in 5404.8s
  train loss:     0.813131
    concept:      0.028393
    identity:     0.807024
    pair:         0.784738
  val   loss:     1.248761
    concept:      0.135416
    identity:     0.461806
    pair:         1.113345
  saved: lora_slider_training_cluster_noprompt/lora_epoch_004.pt
Epoch 5/50 done in 5345.1s
  train loss:     0.780042
    concept:      0.020920
    identity:     0.826750
    pair:         0.759122
  val   loss:     1.239410
    concept:      0.127444
    identity:     0.491566
    pair:         1.111966
  saved: lora_slider_training_cluster_noprompt/lora_epoch_005.pt
Epoch 6/50 done in 5333.8s
  train loss:     0.750418
    concept:      0.017732
    identity:     0.796075
    pair:         0.732686
  val   loss:     1.201908
    concept:      0.114561
    identity:     0.497145
    pair:         1.087347
  saved: lora_slider_training_cluster_noprompt/lora_epoch_006.pt
Epoch 7/50 done in 5345.8s
  train loss:     0.729937
    concept:      0.015022
    identity:     0.830994
    pair:         0.714915
  val   loss:     1.133166
    concept:      0.093818
    identity:     0.473831
    pair:         1.039349
  saved: lora_slider_training_cluster_noprompt/lora_epoch_007.pt
Epoch 8/50 done in 5338.3s
  train loss:     0.714972
    concept:      0.012801
    identity:     0.848195
    pair:         0.702170
  val   loss:     1.159558
    concept:      0.101769
    identity:     0.489883
    pair:         1.057789
  saved: lora_slider_training_cluster_noprompt/lora_epoch_008.pt
Epoch 9/50 done in 5421.9s
  train loss:     0.699624
    concept:      0.013819
    identity:     0.887283
    pair:         0.685805
  val   loss:     1.092677
    concept:      0.087224
    identity:     0.459624
    pair:         1.005453
  saved: lora_slider_training_cluster_noprompt/lora_epoch_009.pt
